
> seva-sansaar@0.1.0 build
> next build

   ▲ Next.js 15.5.15
   - Environments: .env.local
   - Experiments (use with caution):
     · optimizePackageImports

   Creating an optimized production build ...
 ✓ Compiled successfully in 7.4s
   Linting and checking validity of types ...

Failed to compile.

./src/app/[locale]/connectia/page.tsx
9:9  Warning: 'Unlock' is defined but never used.  @typescript-eslint/no-unused-vars
9:61  Warning: 'Heart' is defined but never used.  @typescript-eslint/no-unused-vars
19:8  Warning: 'confetti' is defined but never used.  @typescript-eslint/no-unused-vars
54:12  Warning: 'e' is defined but never used.  @typescript-eslint/no-unused-vars
162:102  Warning: 'onRetry' is defined but never used.  @typescript-eslint/no-unused-vars
330:23  Warning: 'setOnlineUsers' is assigned a value but never used.  @typescript-eslint/no-unused-vars
434:26  Error: Unexpected any. Specify a different type.  @typescript-eslint/no-explicit-any
462:25  Warning: 'uploadData' is assigned a value but never used.  @typescript-eslint/no-unused-vars
586:10  Warning: 'showSetup' is assigned a value but never used.  @typescript-eslint/no-unused-vars
587:10  Warning: 'showLogoutConfirm' is assigned a value but never used.  @typescript-eslint/no-unused-vars
591:10  Warning: 'recentCalls' is assigned a value but never used.  @typescript-eslint/no-unused-vars
591:23  Warning: 'setRecentCalls' is assigned a value but never used.  @typescript-eslint/no-unused-vars
595:9  Warning: 'scrollContainerRef' is assigned a value but never used.  @typescript-eslint/no-unused-vars
754:14  Warning: 'prev' is defined but never used.  @typescript-eslint/no-unused-vars
866:75  Warning: '_menuType' is defined but never used.  @typescript-eslint/no-unused-vars
950:6  Warning: React Hook useEffect has a missing dependency: 'currentUser.id'. Either include it or remove the dependency array.  react-hooks/exhaustive-deps
992:6  Warning: React Hook useEffect has missing dependencies: 'activePartner' and 'currentUser'. Either include them or remove the dependency array.  react-hooks/exhaustive-deps
1365:55  Error: Unexpected any. Specify a different type.  @typescript-eslint/no-explicit-any

./src/app/[locale]/login/page.tsx
3:10  Warning: 'Link' is defined but never used.  @typescript-eslint/no-unused-vars
5:23  Warning: 'Lock' is defined but never used.  @typescript-eslint/no-unused-vars

./src/components/CallInterface.tsx
4:10  Warning: 'Phone' is defined but never used.  @typescript-eslint/no-unused-vars
4:58  Warning: 'User' is defined but never used.  @typescript-eslint/no-unused-vars
5:18  Warning: 'AnimatePresence' is defined but never used.  @typescript-eslint/no-unused-vars
38:6  Warning: React Hook useEffect has missing dependencies: 'endCall' and 'initCall'. Either include them or remove the dependency array.  react-hooks/exhaustive-deps
96:15  Warning: 'channel' is assigned a value but never used.  @typescript-eslint/no-unused-vars
118:15  Warning: 'channel' is assigned a value but never used.  @typescript-eslint/no-unused-vars
203:11  Warning: Using `<img>` could result in slower LCP and higher bandwidth. Consider using `<Image />` from `next/image` or a custom image loader to automatically optimize images. This may incur additional usage or cost from your provider. See: https://nextjs.org/docs/messages/no-img-element  @next/next/no-img-element

./src/components/Navbar.tsx
9:10  Warning: 'clsx' is defined but never used.  @typescript-eslint/no-unused-vars

./src/components/PINLock.tsx
45:6  Warning: React Hook useEffect has a missing dependency: 'tryBiometric'. Either include it or remove the dependency array.  react-hooks/exhaustive-deps

./src/components/profile/ChatStats.tsx
4:21  Warning: 'TrendingUp' is defined but never used.  @typescript-eslint/no-unused-vars
40:6  Warning: React Hook useEffect has a missing dependency: 'supabase'. Either include it or remove the dependency array.  react-hooks/exhaustive-deps

./src/components/profile/PrivacySecurity.tsx
4:30  Warning: 'LogOut' is defined but never used.  @typescript-eslint/no-unused-vars
4:51  Warning: 'Check' is defined but never used.  @typescript-eslint/no-unused-vars
9:41  Warning: 'onUpdate' is defined but never used.  @typescript-eslint/no-unused-vars
12:10  Warning: 'showOnline' is assigned a value but never used.  @typescript-eslint/no-unused-vars
20:6  Warning: React Hook useEffect has missing dependencies: 'fetchSessions' and 'user.id'. Either include them or remove the dependency array. If 'setIsLockEnabled' needs the current value of 'user.id', you can also switch to useReducer instead of useState and read 'user.id' in the reducer.  react-hooks/exhaustive-deps

info  - Need to disable some ESLint rules? Learn more here: https://nextjs.org/docs/app/api-reference/config/eslint#disabling-rules
